[sun.win/index92ec.html]
[backblue.gif]
[fade.gif]
[index.html]
[sun.win/images/seo/img1.webp]
[sun.win/index.html]
[sun.win/favicon.ico]
[sun.win/build/style.min5de0.css]
[sun.win/build/apphd.minb072.js]
[sun.win/images/logo6893.png]
[sun.win/images/tab-dangky6893.png]
[sun.win/get-captcha.png]
[sun.win/images/btn-dangky6893.png]
[sun.win/images/btn-play-web-pc6893.webp]
[sun.win/images/icon-x.png]
[sun.win/images/icon-thanks6893.webp]
[sun.win/images/banner36893.png]
[sun.win/images/slider-sic6893.webp]
[sun.win/images/slider16893.webp]
[sun.win/images/slider26893.webp]
[sun.win/images/ctgame16893.webp]
[sun.win/images/ctgame26893.webp]
[sun.win/images/ctgame36893.webp]
[sun.win/images/ctgame46893.webp]
[sun.win/images/ctgame56893.webp]
[sun.win/images/ctgame66893.webp]
[sun.win/images/seo/img16893.webp]
[sun.win/images/seo/img26893.webp]
[sun.win/images/logo-ft6893.png]
[sun.win/images/chungnhan6893.png]
[sun.win/images/icon-chat-mb6893.png]
[sun.win/images/icon-fb-mb6893.png]
[sun.win/images/icon-tele-mb6893.png]
[sun.win/images/icon-close.png]
[sun.win/build/app.min9c04.js]
[sun.win/index92ec.html]
[sun.win/index.html]
[sun.win/build/lc9c04.js]
[sun.win/images/bgc619.jpg]
[sun.win/images/bg-formc619.png]
[sun.win/images/icon-userc619.svg]
[sun.win/images/icon-lockc619.svg]
[sun.win/images/icon-eyec619.svg]
[sun.win/images/icon-eye-activec619.svg]
[sun.win/images/icon-rotatec619.svg]
[sun.win/images/linec619.png]
[sun.win/images/icon-fbc619.png]
[sun.win/images/icon-telec619.png]
[sun.win/images/icon-livechatc619.png]
[sun.win/images/bg_button3c619.png]
[sun.win/images/bg-content-gamesc619.webp]
[sun.win/images/bg-form-thanksc619.webp]
[sun.win/images/icon-fb-mbc619.png]
[sun.win/images/icon-tele-mbc619.png]
[sun.win/images/icon-chat-mbc619.png]
[sun.win/images/bg-mobilec619.jpg]
[sun.win/build/style.min5de0.css]
[www.googletagmanager.com/gtm5445.html]
[sun.win/images/icon-userc619.svg]
[sun.win/images/icon-lockc619.svg]
[sun.win/images/icon-eyec619.svg]
[sun.win/images/icon-eye-activec619.svg]
[sun.win/images/icon-rotatec619.svg]
